// Jest Snapshot v1, https://goo.gl/fbAQLP

exports[`Circle should call onLoad only once 1`] = `ShallowWrapper {}`;
